
> BusinessVaani@0.1.0 build
> next build

Γû▓ Next.js 16.2.2 (Turbopack)
- Environments: .env.local

npm : SyntaxError: Expected double-quoted property name in JSON at position 475
At line:1 char:1
+ npm run build > build_output.txt 2>&1
+ ~~~~~~~~~~~~~~~~~~~~~~~~~~~~~~~~~~~~~
    + CategoryInfo          : NotSpecified: (SyntaxError: Ex...at position 475:String) [], RemoteException
    + FullyQualifiedErrorId : NativeCommandError
 
    at JSON.parse (<anonymous>)
  Creating an optimized production build ...
SyntaxError: Expected double-quoted property name in JSON at position 475
    at JSON.parse (<anonymous>)
    at Object.patchIncorrectLockfile (E:\vaani-v-main 
(1)\vaani-v-main\node_modules\next\dist\lib\patch-incorrect-lockfile.js:98:33)
Γ£ô Compiled successfully in 11.9s
  Running TypeScript ...
  Finished TypeScript in 603ms ...
  Collecting page data using 7 workers ...
  Generating static pages using 7 workers (0/29) ...
  Generating static pages using 7 workers (7/29) 
SyntaxError: Expected double-quoted property name in JSON at position 475
    at JSON.parse (<anonymous>)
  Generating static pages using 7 workers (14/29) 
SyntaxError: Expected double-quoted property name in JSON at position 475
    at JSON.parse (<anonymous>)
  Generating static pages using 7 workers (21/29) 
Γ£ô Generating static pages using 7 workers (29/29) in 1001ms
  Finalizing page optimization ...

Route (app)
Γöî Γùï /
Γö£ Γùï /_not-found
Γö£ ╞Æ /api/analytics
Γö£ ╞Æ /api/chat
Γö£ ╞Æ /api/contact
Γö£ ╞Æ /api/cron/reminders
Γö£ ╞Æ /api/inventory
Γö£ ╞Æ /api/invoice
Γö£ ╞Æ /api/invoice-pdf/[filename]
Γö£ ╞Æ /api/khata
Γö£ ╞Æ /api/orders
Γö£ ╞Æ /api/orders/extract-image
Γö£ ╞Æ /api/orders/voice-confirm
Γö£ ╞Æ /api/payments
Γö£ ╞Æ /api/reminders
Γö£ ╞Æ /api/reminders/auto-send
Γö£ ╞Æ /api/webhook
Γö£ ╞Æ /api/webhook/razorpay
Γö£ Γùï /dashboard
Γö£ Γùï /dashboard/buyers
Γö£ Γùï /dashboard/delivery
Γö£ Γùï /dashboard/inventory
Γö£ Γùï /dashboard/invoices
Γö£ Γùï /dashboard/khata
Γö£ Γùï /dashboard/orders
Γö£ Γùï /dashboard/payments
Γö£ Γùï /dashboard/settings
Γö£ Γùï /login
Γöö Γùï /signup


Γùï  (Static)   prerendered as static content
╞Æ  (Dynamic)  server-rendered on demand

